ARM Linker, 4.1 [Build 481] [Standard]

==============================================================================

Section Cross References

    stm32f10x_gpio.o(.text) refers to stm32f10x_rcc.o(.text) for RCC_APB2PeriphResetCmd
    stm32f10x_i2c.o(.text) refers to stm32f10x_rcc.o(.text) for RCC_APB1PeriphResetCmd
    stm32f10x_rcc.o(.text) refers to stm32f10x_rcc.o(.data) for APBAHBPrescTable
    stm32f10x_tim.o(.text) refers to stm32f10x_rcc.o(.text) for RCC_APB2PeriphResetCmd
    stm32f10x_usart.o(.text) refers to stm32f10x_rcc.o(.text) for RCC_APB2PeriphResetCmd
    stm32f10x_adc.o(.text) refers to stm32f10x_rcc.o(.text) for RCC_APB2PeriphResetCmd
    stm32f10x_bkp.o(.text) refers to stm32f10x_rcc.o(.text) for RCC_BackupResetCmd
    stm32f10x_can.o(.text) refers to stm32f10x_rcc.o(.text) for RCC_APB1PeriphResetCmd
    stm32f10x_cec.o(.text) refers to stm32f10x_rcc.o(.text) for RCC_APB1PeriphResetCmd
    stm32f10x_dac.o(.text) refers to stm32f10x_rcc.o(.text) for RCC_APB1PeriphResetCmd
    stm32f10x_pwr.o(.text) refers to stm32f10x_rcc.o(.text) for RCC_APB1PeriphResetCmd
    stm32f10x_spi.o(.text) refers to stm32f10x_rcc.o(.text) for RCC_APB2PeriphResetCmd
    stm32f10x_wwdg.o(.text) refers to stm32f10x_rcc.o(.text) for RCC_APB1PeriphResetCmd
    system_stm32f10x.o(.text) refers to system_stm32f10x.o(.data) for SystemCoreClock
    i2c.o(.text) refers to stm32f10x_rcc.o(.text) for RCC_APB2PeriphClockCmd
    i2c.o(.text) refers to stm32f10x_gpio.o(.text) for GPIO_Init
    i2c_mpu6050.o(.text) refers to stm32f10x_rcc.o(.text) for RCC_APB2PeriphClockCmd
    i2c_mpu6050.o(.text) refers to stm32f10x_gpio.o(.text) for GPIO_PinRemapConfig
    i2c_mpu6050.o(.text) refers to stm32f10x_i2c.o(.text) for I2C_Init
    i2c_mpu6050.o(.text) refers to delay.o(.text) for delay_ms
    led.o(.text) refers to stm32f10x_rcc.o(.text) for RCC_APB2PeriphClockCmd
    led.o(.text) refers to stm32f10x_gpio.o(.text) for GPIO_PinRemapConfig
    main.o(.text) refers to system_stm32f10x.o(.text) for SystemInit
    main.o(.text) refers to timer.o(.text) for Timerx_Init
    main.o(.text) refers to ultrasonicwave.o(.text) for UltrasonicWave_Configuration
    main.o(.text) refers to usart.o(.text) for USART1_Config
    main.o(.text) refers to motor.o(.text) for TIM2_PWM_Init
    main.o(.text) refers to led.o(.text) for LED_GPIO_Config
    main.o(.text) refers to i2c.o(.text) for i2cInit
    main.o(.text) refers to upstandingcar.o(.text) for delay_nms
    main.o(.text) refers to mpu6050.o(.text) for MPU6050_Init
    main.o(.text) refers to systick.o(.text) for SysTick_Init
    main.o(.text) refers to upstandingcar.o(.data) for newLineReceived
    motor.o(.text) refers to stm32f10x_rcc.o(.text) for RCC_APB2PeriphClockCmd
    motor.o(.text) refers to stm32f10x_gpio.o(.text) for GPIO_Init
    motor.o(.text) refers to stm32f10x_tim.o(.text) for TIM_TimeBaseInit
    motor.o(.text) refers to misc.o(.text) for NVIC_PriorityGroupConfig
    mpu6050.o(.text) refers to inv_mpu.o(.text) for mpu_init
    mpu6050.o(.text) refers to usart.o(.text) for PrintChar
    mpu6050.o(.text) refers to inv_mpu_dmp_motion_driver.o(.text) for dmp_load_motion_driver_firmware
    mpu6050.o(.text) refers to stm32f10x_gpio.o(.text) for GPIO_ResetBits
    mpu6050.o(.text) refers to fflti.o(.text) for __aeabi_i2f
    mpu6050.o(.text) refers to fdiv.o(.text) for __aeabi_fdiv
    mpu6050.o(.text) refers to fmul.o(.text) for __aeabi_fmul
    mpu6050.o(.text) refers to fadd.o(.text) for __aeabi_fadd
    mpu6050.o(.text) refers to f2d.o(.text) for __aeabi_f2d
    mpu6050.o(.text) refers to asin.o(i.asin) for asin
    mpu6050.o(.text) refers to dmul.o(.text) for __aeabi_dmul
    mpu6050.o(.text) refers to d2f.o(.text) for __aeabi_d2f
    mpu6050.o(.text) refers to mpu6050.o(.data) for gyro_orientation
    mpu6050.o(.text) refers to mpu6050.o(.bss) for quat
    mpu6050.o(.text) refers to atan2.o(i.atan2) for atan2
    outputdata.o(.text) refers to ffixi.o(.text) for __aeabi_f2iz
    outputdata.o(.text) refers to usart.o(.text) for USART1_Send_Byte
    outputdata.o(.text) refers to outputdata.o(.bss) for OutData
    stm32f10x_it.o(.text) refers to upstandingcar.o(.text) for GetMotorPulse
    stm32f10x_it.o(.text) refers to ultrasonicwave.o(.text) for UltrasonicWave_StartMeasure
    stm32f10x_it.o(.text) refers to upstandingcar.o(.data) for BST_u8MainEventCount
    systick.o(.text) refers to system_stm32f10x.o(.data) for SystemCoreClock
    systick.o(.text) refers to systick.o(.data) for TimingDelay
    upstandingcar.o(.text) refers to f2d.o(.text) for __aeabi_f2d
    upstandingcar.o(.text) refers to cdcmple.o(.text) for __aeabi_cdcmpeq
    upstandingcar.o(.text) refers to d2f.o(.text) for __aeabi_d2f
    upstandingcar.o(.text) refers to dflti.o(.text) for __aeabi_i2d
    upstandingcar.o(.text) refers to dmul.o(.text) for __aeabi_dmul
    upstandingcar.o(.text) refers to fflti.o(.text) for __aeabi_i2f
    upstandingcar.o(.text) refers to cfcmple.o(.text) for __aeabi_cfcmpeq
[...]
    __lit__00000000                          0x080000fc   Data           4  entry2.o(.ARM.Collect$$$$00002712)
    .text                                    0x08000100   Section        0  misc.o(.text)
    .text                                    0x080001f8   Section        0  stm32f10x_exti.o(.text)
    .text                                    0x08000334   Section        0  stm32f10x_gpio.o(.text)
    .text                                    0x0800068c   Section        0  stm32f10x_rcc.o(.text)
    .text                                    0x08000a30   Section        0  stm32f10x_tim.o(.text)
    TI4_Config                               0x08000eb9   Thumb Code   118  stm32f10x_tim.o(.text)
    TI3_Config                               0x08000f41   Thumb Code   114  stm32f10x_tim.o(.text)
    TI2_Config                               0x08000fc9   Thumb Code   118  stm32f10x_tim.o(.text)
    TI1_Config                               0x08001051   Thumb Code   106  stm32f10x_tim.o(.text)
    .text                                    0x080017e0   Section        0  stm32f10x_usart.o(.text)
    .text                                    0x08001bec   Section        0  system_stm32f10x.o(.text)
    SetSysClockTo72                          0x08001bed   Thumb Code   192  system_stm32f10x.o(.text)
    SetSysClock                              0x08001cad   Thumb Code     8  system_stm32f10x.o(.text)
    .text                                    0x08001db4   Section        0  delay.o(.text)
    .text                                    0x08001de8   Section        0  i2c.o(.text)
    I2C_delay                                0x08001de9   Thumb Code    12  i2c.o(.text)
    I2C_Start                                0x08001df5   Thumb Code    90  i2c.o(.text)
    I2C_Stop                                 0x08001e4f   Thumb Code    56  i2c.o(.text)
    I2C_Ack                                  0x08001e87   Thumb Code    56  i2c.o(.text)
    I2C_NoAck                                0x08001ebf   Thumb Code    56  i2c.o(.text)
    I2C_WaitAck                              0x08001ef7   Thumb Code    80  i2c.o(.text)
    I2C_SendByte                             0x08001f47   Thumb Code    84  i2c.o(.text)
    I2C_ReceiveByte                          0x08001f9b   Thumb Code    80  i2c.o(.text)
    .text                                    0x08002198   Section        0  led.o(.text)
    .text                                    0x080021dc   Section        0  main.o(.text)
    .text                                    0x08002254   Section        0  motor.o(.text)
    TIM2_GPIO_Config                         0x08002287   Thumb Code    46  motor.o(.text)
    TIM2_Mode_Config                         0x080022b5   Thumb Code   134  motor.o(.text)
    .text                                    0x080026bc   Section        0  mpu6050.o(.text)
    .text                                    0x08002cf8   Section        0  stm32f10x_it.o(.text)
    .text                                    0x08002da0   Section        0  systick.o(.text)
    .text                                    0x08002e48   Section        0  upstandingcar.o(.text)
    .text                                    0x08003fb8   Section        0  usart.o(.text)
    itoa                                     0x080040fb   Thumb Code    98  usart.o(.text)
    .text                                    0x080042dc   Section        0  timer.o(.text)
    .text                                    0x08004354   Section        0  ultrasonicwave.o(.text)
    .text                                    0x08004460   Section       36  startup_stm32f10x_md.o(.text)
    .text                                    0x08004484   Section        0  inv_mpu.o(.text)
    set_int_enable                           0x08004485   Thumb Code   138  inv_mpu.o(.text)
    get_accel_prod_shift                     0x080056df   Thumb Code   168  inv_mpu.o(.text)
    accel_self_test                          0x08005787   Thumb Code   160  inv_mpu.o(.text)
    gyro_self_test                           0x08005827   Thumb Code   274  inv_mpu.o(.text)
    get_st_biases                            0x08005939   Thumb Code  1180  inv_mpu.o(.text)
    .text                                    0x08006348   Section        0  inv_mpu_dmp_motion_driver.o(.text)
    decode_gesture                           0x08006e29   Thumb Code    94  inv_mpu_dmp_motion_driver.o(.text)
    inv_row_2_scale                          0x080070dd   Thumb Code    78  inv_mpu_dmp_motion_driver.o(.text)
    .text                                    0x0800723c   Section        0  ldiv.o(.text)
    .text                                    0x08007296   Section        0  llshl.o(.text)
    .text                                    0x080072b4   Section        0  llsshr.o(.text)
    .text                                    0x080072d8   Section        0  memcpya.o(.text)
    .text                                    0x080072fc   Section        0  memseta.o(.text)
    .text                                    0x08007322   Section        0  strcat.o(.text)
    .text                                    0x0800733e   Section        0  strlen.o(.text)
    .text                                    0x0800734e   Section        0  memcmp.o(.text)
    .text                                    0x08007368   Section        0  fadd.o(.text)
    .text                                    0x08007418   Section        0  fmul.o(.text)
    .text                                    0x08007484   Section        0  fdiv.o(.text)
    .text                                    0x08007504   Section        0  dadd.o(.text)
    .text                                    0x0800764e   Section        0  dmul.o(.text)
    .text                                    0x08007730   Section        0  ddiv.o(.text)
    .text                                    0x0800780e   Section        0  fflti.o(.text)
    .text                                    0x08007820   Section        0  ffltui.o(.text)
    .text                                    0x0800782a   Section        0  dflti.o(.text)
    .text                                    0x0800784c   Section        0  ffixi.o(.text)
    .text                                    0x0800787e   Section        0  ffixui.o(.text)
    .text                                    0x080078a6   Section        0  f2d.o(.text)
    .text                                    0x080078d4   Section       40  cdcmple.o(.text)
    .text                                    0x080078fc   Section        0  d2f.o(.text)
    .text                                    0x08007934   Section       20  cfcmple.o(.text)
    .text                                    0x08007948   Section       20  cfrcmple.o(.text)
    .text                                    0x0800795c   Section        0  uidiv.o(.text)
    .text                                    0x08007988   Section        0  uldiv.o(.text)
    .text                                    0x080079f0   Section        0  strtod.o(.text)
    _local_sscanf                            0x080079f1   Thumb Code    54  strtod.o(.text)
    .text                                    0x08007a88   Section        0  fepilogue.o(.text)
    .text                                    0x08007a88   Section        0  iusefp.o(.text)
    .text                                    0x08007af8   Section        0  depilogue.o(.text)
    .text                                    0x08007bba   Section        0  dscalb.o(.text)
    .text                                    0x08007be8   Section        0  dfixul.o(.text)
    .text                                    0x08007c18   Section       40  cdrcmple.o(.text)
    .text                                    0x08007c40   Section       36  init.o(.text)
    .text                                    0x08007c64   Section        0  llushr.o(.text)
    .text                                    0x08007c84   Section        0  isspace_c.o(.text)
    .text                                    0x08007c90   Section        0  scanf_fp.o(.text)
    _fp_value                                0x08007c91   Thumb Code   272  scanf_fp.o(.text)
    .text                                    0x08007fe4   Section        0  _sgetc.o(.text)
    .text                                    0x08008024   Section        0  dsqrt.o(.text)
    .text                                    0x080080c4   Section        0  ctype_c.o(.text)
    .text                                    0x080080ec   Section        0  dfltul.o(.text)
    .text                                    0x08008104   Section        0  __dczerorl2.o(.text)
    i.__0sprintf                             0x08008160   Section        0  printfa.o(i.__0sprintf)
    i.__ARM_fpclassify                       0x08008188   Section        0  fpclassify.o(i.__ARM_fpclassify)
    i.__kernel_poly                          0x080081b0   Section        0  poly.o(i.__kernel_poly)
    i.__mathlib_dbl_underflow                0x0800825c   Section        0  dunder.o(i.__mathlib_dbl_underflow)
    i.__read_errno                           0x0800826c   Section        0  errno.o(i.__read_errno)
    i.__scatterload_copy                     0x08008278   Section       14  handlers.o(i.__scatterload_copy)
    i.__scatterload_null                     0x08008286   Section        2  handlers.o(i.__scatterload_null)
    i.__scatterload_zeroinit                 0x08008288   Section       14  handlers.o(i.__scatterload_zeroinit)
    i.__set_errno                            0x08008298   Section        0  errno.o(i.__set_errno)
    i._fp_digits                             0x080082a4   Section        0  printfa.o(i._fp_digits)
    _fp_digits                               0x080082a5   Thumb Code   318  printfa.o(i._fp_digits)
    i._printf_core                           0x080083f8   Section        0  printfa.o(i._printf_core)
    _printf_core                             0x080083f9   Thumb Code  1734  printfa.o(i._printf_core)
    i._printf_post_padding                   0x08008acc   Section        0  printfa.o(i._printf_post_padding)
    _printf_post_padding                     0x08008acd   Thumb Code    38  printfa.o(i._printf_post_padding)
    i._printf_pre_padding                    0x08008af2   Section        0  printfa.o(i._printf_pre_padding)
    _printf_pre_padding                      0x08008af3   Thumb Code    46  printfa.o(i._printf_pre_padding)
    i._sputc                                 0x08008b20   Section        0  printfa.o(i._sputc)
    _sputc                                   0x08008b21   Thumb Code    10  printfa.o(i._sputc)
    i.asin                                   0x08008b2c   Section        0  asin.o(i.asin)
    i.atan                                   0x08008dac   Section        0  atan.o(i.atan)
    i.atan2                                  0x08008fd0   Section        0  atan2.o(i.atan2)
    i.atof                                   0x08009150   Section        0  atof.o(i.atof)
    i.sqrt                                   0x0800917c   Section        0  sqrt.o(i.sqrt)
    .constdata                               0x080091c8   Section       32  upstandingcar.o(.constdata)
    .constdata                               0x080091e8   Section      158  inv_mpu.o(.constdata)
    .constdata                               0x08009286   Section     3062  inv_mpu_dmp_motion_driver.o(.constdata)
    dmp_memory                               0x08009286   Data        3062  inv_mpu_dmp_motion_driver.o(.constdata)
    .constdata                               0x08009e80   Section       80  asin.o(.constdata)
    pS                                       0x08009e80   Data          48  asin.o(.constdata)
    qS                                       0x08009eb0   Data          32  asin.o(.constdata)
    .constdata                               0x08009ed0   Section      152  atan.o(.constdata)
    atanhi                                   0x08009ed0   Data          32  atan.o(.constdata)
    atanlo                                   0x08009ef0   Data          32  atan.o(.constdata)
    aTodd                                    0x08009f10   Data          40  atan.o(.constdata)
    aTeven                                   0x08009f38   Data          48  atan.o(.constdata)
    .constdata                               0x08009f68   Section        8  qnan.o(.constdata)
    .constdata                               0x08009f70   Section       64  ctype_c.o(.constdata)
    .data                                    0x20000000   Section       20  stm32f10x_rcc.o(.data)
    APBAHBPrescTable                         0x20000000   Data          16  stm32f10x_rcc.o(.data)
    ADCPrescTable                            0x20000010   Data           4  stm32f10x_rcc.o(.data)
    .data                                    0x20000014   Section       20  system_stm32f10x.o(.data)
    .data                                    0x20000028   Section       59  mpu6050.o(.data)
    gyro_orientation                         0x20000028   Data           9  mpu6050.o(.data)
    .data                                    0x20000064   Section        4  systick.o(.data)
    TimingDelay                              0x20000064   Data           4  systick.o(.data)
    .data                                    0x20000068   Section      376  upstandingcar.o(.data)
    .data                                    0x200001e0   Section        4  ultrasonicwave.o(.data)
    .data                                    0x200001e4   Section       44  inv_mpu.o(.data)
    st                                       0x200001e4   Data          44  inv_mpu.o(.data)
    .data                                    0x20000210   Section        4  errno.o(.data)
    _errno                                   0x20000210   Data           4  errno.o(.data)
    .bss                                     0x20000214   Section       16  mpu6050.o(.bss)
    .bss                                     0x20000224   Section      516  upstandingcar.o(.bss)
    .bss                                     0x20000428   Section       16  inv_mpu_dmp_motion_driver.o(.bss)
    dmp                                      0x20000428   Data          16  inv_mpu_dmp_motion_driver.o(.bss)
    STACK                                    0x20000438   Section     1024  startup_stm32f10x_md.o(STACK)

    Global Symbols

    Symbol Name                              Value     Ov Type        Size  Object(Section)

    BuildAttributes$$THM_ISAv4$P$D$K$B$S$PE$A:L22UL41UL21$X:L11$S22US41US21$IEEE1$IW$USESV6$~STKCKD$USESV7$~SHL$OTIME$ROPI$IEEEX$EBA8$MICROLIB$REQ8$PRES8$EABIv2 0x00000000   Number         0  anon$$obj.o ABSOLUTE
    __ARM_use_no_argv                        0x00000000   Number         0  main.o ABSOLUTE
    _printf_a                                0x00000000   Number         0  stubs.o ABSOLUTE
    _printf_c                                0x00000000   Number         0  stubs.o ABSOLUTE
    _printf_charcount                        0x00000000   Number         0  stubs.o ABSOLUTE
    _printf_d                                0x00000000   Number         0  stubs.o ABSOLUTE
    _printf_e                                0x00000000   Number         0  stubs.o ABSOLUTE
    _printf_f                                0x00000000   Number         0  stubs.o ABSOLUTE
    _printf_flags                            0x00000000   Number         0  stubs.o ABSOLUTE
    _printf_fp_dec                           0x00000000   Number         0  stubs.o ABSOLUTE
    _printf_fp_hex                           0x00000000   Number         0  stubs.o ABSOLUTE
    _printf_g                                0x00000000   Number         0  stubs.o ABSOLUTE
    _printf_i                                0x00000000   Number         0  stubs.o ABSOLUTE
    _printf_int_dec                          0x00000000   Number         0  stubs.o ABSOLUTE
    _printf_l                                0x00000000   Number         0  stubs.o ABSOLUTE
    _printf_lc                               0x00000000   Number         0  stubs.o ABSOLUTE
    _printf_ll                               0x00000000   Number         0  stubs.o ABSOLUTE
    _printf_lld                              0x00000000   Number         0  stubs.o ABSOLUTE
    _printf_lli                              0x00000000   Number         0  stubs.o ABSOLUTE
    _printf_llo                              0x00000000   Number         0  stubs.o ABSOLUTE
    _printf_llu                              0x00000000   Number         0  stubs.o ABSOLUTE
    _printf_llx                              0x00000000   Number         0  stubs.o ABSOLUTE
    _printf_longlong_dec                     0x00000000   Number         0  stubs.o ABSOLUTE
    _printf_longlong_hex                     0x00000000   Number         0  stubs.o ABSOLUTE
    _printf_longlong_oct                     0x00000000   Number         0  stubs.o ABSOLUTE
    _printf_ls                               0x00000000   Number         0  stubs.o ABSOLUTE
    _printf_mbtowc                           0x00000000   Number         0  stubs.o ABSOLUTE
    _printf_n                                0x00000000   Number         0  stubs.o ABSOLUTE
    _printf_o                                0x00000000   Number         0  stubs.o ABSOLUTE
    _printf_p                                0x00000000   Number         0  stubs.o ABSOLUTE
    _printf_percent                          0x00000000   Number         0  stubs.o ABSOLUTE
    _printf_pre_padding                      0x00000000   Number         0  stubs.o ABSOLUTE
    _printf_return_value                     0x00000000   Number         0  stubs.o ABSOLUTE
    _printf_s                                0x00000000   Number         0  stubs.o ABSOLUTE
    _printf_sizespec                         0x00000000   Number         0  stubs.o ABSOLUTE
    _printf_str                              0x00000000   Number         0  stubs.o ABSOLUTE
    _printf_truncate_signed                  0x00000000   Number         0  stubs.o ABSOLUTE
    _printf_truncate_unsigned                0x00000000   Number         0  stubs.o ABSOLUTE
    _printf_u                                0x00000000   Number         0  stubs.o ABSOLUTE
    _printf_wc                               0x00000000   Number         0  stubs.o ABSOLUTE
    _printf_wctomb                           0x00000000   Number         0  stubs.o ABSOLUTE
    _printf_widthprec                        0x00000000   Number         0  stubs.o ABSOLUTE
    _printf_x                                0x00000000   Number         0  stubs.o ABSOLUTE
    __Vectors_Size                           0x000000ec   Number         0  startup_stm32f10x_md.o ABSOLUTE
    __Vectors                                0x08000000   Data           4  startup_stm32f10x_md.o(RESET)
    __Vectors_End                            0x080000ec   Data           0  startup_stm32f10x_md.o(RESET)
    __main                                   0x080000ed   Thumb Code     0  entry.o(.ARM.Collect$$$$00000000)
    _main_stk                                0x080000ed   Thumb Code     0  entry2.o(.ARM.Collect$$$$00000001)
    _main_scatterload                        0x080000f1   Thumb Code     0  entry5.o(.ARM.Collect$$$$00000004)
    __main_after_scatterload                 0x080000f5   Thumb Code     0  entry5.o(.ARM.Collect$$$$00000004)
    _main_init                               0x080000f5   Thumb Code     0  entry7.o(.ARM.Collect$$$$00000007)
    NVIC_PriorityGroupConfig                 0x08000101   Thumb Code    10  misc.o(.text)
    NVIC_Init                                0x0800010b   Thumb Code   118  misc.o(.text)
    NVIC_SetVectorTable                      0x08000181   Thumb Code    12  misc.o(.text)
    NVIC_SystemLPConfig                      0x0800018d   Thumb Code    38  misc.o(.text)
    SysTick_CLKSourceConfig                  0x080001b3   Thumb Code    40  misc.o(.text)
    EXTI_DeInit                              0x080001f9   Thumb Code    30  stm32f10x_exti.o(.text)
    EXTI_Init                                0x08000217   Thumb Code   160  stm32f10x_exti.o(.text)
    EXTI_StructInit                          0x080002b7   Thumb Code    16  stm32f10x_exti.o(.text)
    EXTI_GenerateSWInterrupt                 0x080002c7   Thumb Code    16  stm32f10x_exti.o(.text)
    EXTI_GetFlagStatus                       0x080002d7   Thumb Code    20  stm32f10x_exti.o(.text)
    EXTI_ClearFlag                           0x080002eb   Thumb Code     6  stm32f10x_exti.o(.text)
    EXTI_GetITStatus                         0x080002f1   Thumb Code    34  stm32f10x_exti.o(.text)
    EXTI_ClearITPendingBit                   0x08000313   Thumb Code     6  stm32f10x_exti.o(.text)
    GPIO_DeInit                              0x08000335   Thumb Code   172  stm32f10x_gpio.o(.text)
    GPIO_AFIODeInit                          0x080003e1   Thumb Code    20  stm32f10x_gpio.o(.text)
    GPIO_Init                                0x080003f5   Thumb Code   274  stm32f10x_gpio.o(.text)
    GPIO_StructInit                          0x08000507   Thumb Code    16  stm32f10x_gpio.o(.text)
    GPIO_ReadInputDataBit                    0x08000517   Thumb Code    18  stm32f10x_gpio.o(.text)
    GPIO_ReadInputData                       0x08000529   Thumb Code     8  stm32f10x_gpio.o(.text)
    GPIO_ReadOutputDataBit                   0x08000531   Thumb Code    18  stm32f10x_gpio.o(.text)
    GPIO_ReadOutputData                      0x08000543   Thumb Code     8  stm32f10x_gpio.o(.text)
    GPIO_SetBits                             0x0800054b   Thumb Code     4  stm32f10x_gpio.o(.text)
    GPIO_ResetBits                           0x0800054f   Thumb Code     4  stm32f10x_gpio.o(.text)
    GPIO_WriteBit                            0x08000553   Thumb Code    10  stm32f10x_gpio.o(.text)
    GPIO_Write                               0x0800055d   Thumb Code     4  stm32f10x_gpio.o(.text)
    GPIO_PinLockConfig                       0x08000561   Thumb Code    18  stm32f10x_gpio.o(.text)
    GPIO_EventOutputConfig                   0x08000573   Thumb Code    26  stm32f10x_gpio.o(.text)
    GPIO_EventOutputCmd                      0x0800058d   Thumb Code     6  stm32f10x_gpio.o(.text)
    GPIO_PinRemapConfig                      0x08000593   Thumb Code   138  stm32f10x_gpio.o(.text)
    GPIO_EXTILineConfig                      0x0800061d   Thumb Code    66  stm32f10x_gpio.o(.text)
    GPIO_ETH_MediaInterfaceConfig            0x0800065f   Thumb Code     6  stm32f10x_gpio.o(.text)
    RCC_DeInit                               0x0800068d   Thumb Code    64  stm32f10x_rcc.o(.text)
    RCC_HSEConfig                            0x080006cd   Thumb Code    70  stm32f10x_rcc.o(.text)
    RCC_GetFlagStatus                        0x08000713   Thumb Code    56  stm32f10x_rcc.o(.text)
    RCC_WaitForHSEStartUp                    0x0800074b   Thumb Code    48  stm32f10x_rcc.o(.text)
    RCC_AdjustHSICalibrationValue            0x0800077b   Thumb Code    20  stm32f10x_rcc.o(.text)
    RCC_HSICmd                               0x0800078f   Thumb Code     6  stm32f10x_rcc.o(.text)
    RCC_PLLConfig                            0x08000795   Thumb Code    24  stm32f10x_rcc.o(.text)
    RCC_PLLCmd                               0x080007ad   Thumb Code     6  stm32f10x_rcc.o(.text)
    RCC_SYSCLKConfig                         0x080007b3   Thumb Code    18  stm32f10x_rcc.o(.text)
    RCC_GetSYSCLKSource                      0x080007c5   Thumb Code    10  stm32f10x_rcc.o(.text)
    RCC_HCLKConfig                           0x080007cf   Thumb Code    18  stm32f10x_rcc.o(.text)
    RCC_PCLK1Config                          0x080007e1   Thumb Code    18  stm32f10x_rcc.o(.text)
    RCC_PCLK2Config                          0x080007f3   Thumb Code    20  stm32f10x_rcc.o(.text)
    RCC_ITConfig                             0x08000807   Thumb Code    30  stm32f10x_rcc.o(.text)
    RCC_USBCLKConfig                         0x08000825   Thumb Code     6  stm32f10x_rcc.o(.text)
    RCC_ADCCLKConfig                         0x0800082b   Thumb Code    18  stm32f10x_rcc.o(.text)
    RCC_LSEConfig                            0x0800083d   Thumb Code    44  stm32f10x_rcc.o(.text)
    RCC_LSICmd                               0x08000869   Thumb Code     6  stm32f10x_rcc.o(.text)
    RCC_RTCCLKConfig                         0x0800086f   Thumb Code    12  stm32f10x_rcc.o(.text)
    RCC_RTCCLKCmd                            0x0800087b   Thumb Code     6  stm32f10x_rcc.o(.text)
    RCC_GetClocksFreq                        0x08000881   Thumb Code   192  stm32f10x_rcc.o(.text)
    RCC_AHBPeriphClockCmd                    0x08000941   Thumb Code    26  stm32f10x_rcc.o(.text)
    RCC_APB2PeriphClockCmd                   0x0800095b   Thumb Code    26  stm32f10x_rcc.o(.text)
    RCC_APB1PeriphClockCmd                   0x08000975   Thumb Code    26  stm32f10x_rcc.o(.text)
    RCC_APB2PeriphResetCmd                   0x0800098f   Thumb Code    26  stm32f10x_rcc.o(.text)
    RCC_APB1PeriphResetCmd                   0x080009a9   Thumb Code    26  stm32f10x_rcc.o(.text)
    RCC_BackupResetCmd                       0x080009c3   Thumb Code     6  stm32f10x_rcc.o(.text)
    RCC_ClockSecuritySystemCmd               0x080009c9   Thumb Code     6  stm32f10x_rcc.o(.text)
    RCC_MCOConfig                            0x080009cf   Thumb Code     6  stm32f10x_rcc.o(.text)
    RCC_ClearFlag                            0x080009d5   Thumb Code    14  stm32f10x_rcc.o(.text)
    RCC_GetITStatus                          0x080009e3   Thumb Code    20  stm32f10x_rcc.o(.text)
    RCC_ClearITPendingBit                    0x080009f7   Thumb Code     6  stm32f10x_rcc.o(.text)
    TIM_DeInit                               0x08000a31   Thumb Code   424  stm32f10x_tim.o(.text)
    TIM_TimeBaseInit                         0x08000bd9   Thumb Code   122  stm32f10x_tim.o(.text)
    TIM_OC1Init                              0x08000c53   Thumb Code   132  stm32f10x_tim.o(.text)
    TIM_OC2Init                              0x08000cd7   Thumb Code   146  stm32f10x_tim.o(.text)
    TIM_OC3Init                              0x08000d69   Thumb Code   142  stm32f10x_tim.o(.text)
    TIM_OC4Init                              0x08000df7   Thumb Code   172  stm32f10x_tim.o(.text)
    TIM_SetIC4Prescaler                      0x08000ea3   Thumb Code    22  stm32f10x_tim.o(.text)
    TIM_SetIC3Prescaler                      0x08000f2f   Thumb Code    18  stm32f10x_tim.o(.text)
    TIM_SetIC2Prescaler                      0x08000fb3   Thumb Code    22  stm32f10x_tim.o(.text)
    TIM_SetIC1Prescaler                      0x0800103f   Thumb Code    18  stm32f10x_tim.o(.text)
    TIM_ICInit                               0x080010bb   Thumb Code   150  stm32f10x_tim.o(.text)
    TIM_PWMIConfig                           0x08001151   Thumb Code   124  stm32f10x_tim.o(.text)
    TIM_BDTRConfig                           0x080011cd   Thumb Code    32  stm32f10x_tim.o(.text)
    TIM_TimeBaseStructInit                   0x080011ed   Thumb Code    18  stm32f10x_tim.o(.text)
    TIM_OCStructInit                         0x080011ff   Thumb Code    20  stm32f10x_tim.o(.text)
    TIM_ICStructInit                         0x08001213   Thumb Code    18  stm32f10x_tim.o(.text)
    TIM_BDTRStructInit                       0x08001225   Thumb Code    18  stm32f10x_tim.o(.text)
    TIM_Cmd                                  0x08001237   Thumb Code    24  stm32f10x_tim.o(.text)
    TIM_CtrlPWMOutputs                       0x0800124f   Thumb Code    52  stm32f10x_tim.o(.text)
    TIM_ITConfig                             0x08001283   Thumb Code    24  stm32f10x_tim.o(.text)
    TIM_GenerateEvent                        0x0800129b   Thumb Code     4  stm32f10x_tim.o(.text)
    TIM_DMAConfig                            0x0800129f   Thumb Code    10  stm32f10x_tim.o(.text)
    TIM_DMACmd                               0x080012a9   Thumb Code    24  stm32f10x_tim.o(.text)
    TIM_InternalClockConfig                  0x080012c1   Thumb Code    12  stm32f10x_tim.o(.text)
    TIM_SelectInputTrigger                   0x080012cd   Thumb Code    18  stm32f10x_tim.o(.text)
    TIM_ITRxExternalClockConfig              0x080012df   Thumb Code    24  stm32f10x_tim.o(.text)
    TIM_TIxExternalClockConfig               0x080012f7   Thumb Code    62  stm32f10x_tim.o(.text)
    TIM_ETRConfig                            0x08001335   Thumb Code    24  stm32f10x_tim.o(.text)
    TIM_ETRClockMode1Config                  0x0800134d   Thumb Code    54  stm32f10x_tim.o(.text)
    TIM_ETRClockMode2Config                  0x08001383   Thumb Code    32  stm32f10x_tim.o(.text)
    TIM_PrescalerConfig                      0x080013a3   Thumb Code     6  stm32f10x_tim.o(.text)
    TIM_CounterModeConfig                    0x080013a9   Thumb Code    18  stm32f10x_tim.o(.text)
    TIM_EncoderInterfaceConfig               0x080013bb   Thumb Code    62  stm32f10x_tim.o(.text)
    TIM_ForcedOC1Config                      0x080013f9   Thumb Code    18  stm32f10x_tim.o(.text)
    TIM_ForcedOC2Config                      0x0800140b   Thumb Code    22  stm32f10x_tim.o(.text)
    TIM_ForcedOC3Config                      0x08001421   Thumb Code    18  stm32f10x_tim.o(.text)
    TIM_ForcedOC4Config                      0x08001433   Thumb Code    22  stm32f10x_tim.o(.text)
    TIM_ARRPreloadConfig                     0x08001449   Thumb Code    24  stm32f10x_tim.o(.text)
    TIM_SelectCOM                            0x08001461   Thumb Code    24  stm32f10x_tim.o(.text)
    TIM_SelectCCDMA                          0x08001479   Thumb Code    24  stm32f10x_tim.o(.text)
    TIM_CCPreloadControl                     0x08001491   Thumb Code    24  stm32f10x_tim.o(.text)
    TIM_OC1PreloadConfig                     0x080014a9   Thumb Code    18  stm32f10x_tim.o(.text)
    TIM_OC2PreloadConfig                     0x080014bb   Thumb Code    22  stm32f10x_tim.o(.text)
    TIM_OC3PreloadConfig                     0x080014d1   Thumb Code    18  stm32f10x_tim.o(.text)
    TIM_OC4PreloadConfig                     0x080014e3   Thumb Code    22  stm32f10x_tim.o(.text)
    TIM_OC1FastConfig                        0x080014f9   Thumb Code    18  stm32f10x_tim.o(.text)
    TIM_OC2FastConfig                        0x0800150b   Thumb Code    22  stm32f10x_tim.o(.text)
    TIM_OC3FastConfig                        0x08001521   Thumb Code    18  stm32f10x_tim.o(.text)
    TIM_OC4FastConfig                        0x08001533   Thumb Code    22  stm32f10x_tim.o(.text)
    TIM_ClearOC1Ref                          0x08001549   Thumb Code    18  stm32f10x_tim.o(.text)
    TIM_ClearOC2Ref                          0x0800155b   Thumb Code    20  stm32f10x_tim.o(.text)
    TIM_ClearOC3Ref                          0x0800156f   Thumb Code    18  stm32f10x_tim.o(.text)
    TIM_ClearOC4Ref                          0x08001581   Thumb Code    20  stm32f10x_tim.o(.text)
    TIM_OC1PolarityConfig                    0x08001595   Thumb Code    18  stm32f10x_tim.o(.text)
    TIM_OC1NPolarityConfig                   0x080015a7   Thumb Code    18  stm32f10x_tim.o(.text)
    TIM_OC2PolarityConfig                    0x080015b9   Thumb Code    22  stm32f10x_tim.o(.text)
    TIM_OC2NPolarityConfig                   0x080015cf   Thumb Code    22  stm32f10x_tim.o(.text)
    TIM_OC3PolarityConfig                    0x080015e5   Thumb Code    22  stm32f10x_tim.o(.text)
    TIM_OC3NPolarityConfig                   0x080015fb   Thumb Code    22  stm32f10x_tim.o(.text)
    TIM_OC4PolarityConfig                    0x08001611   Thumb Code    22  stm32f10x_tim.o(.text)
    TIM_CCxCmd                               0x08001627   Thumb Code    34  stm32f10x_tim.o(.text)
    TIM_CCxNCmd                              0x08001649   Thumb Code    34  stm32f10x_tim.o(.text)
    TIM_SelectOCxM                           0x0800166b   Thumb Code    82  stm32f10x_tim.o(.text)
    TIM_UpdateDisableConfig                  0x080016bd   Thumb Code    24  stm32f10x_tim.o(.text)
    TIM_UpdateRequestConfig                  0x080016d5   Thumb Code    24  stm32f10x_tim.o(.text)
    TIM_SelectHallSensor                     0x080016ed   Thumb Code    24  stm32f10x_tim.o(.text)
    TIM_SelectOnePulseMode                   0x08001705   Thumb Code    18  stm32f10x_tim.o(.text)
    TIM_SelectOutputTrigger                  0x08001717   Thumb Code    18  stm32f10x_tim.o(.text)
    TIM_SelectSlaveMode                      0x08001729   Thumb Code    18  stm32f10x_tim.o(.text)
    TIM_SelectMasterSlaveMode                0x0800173b   Thumb Code    18  stm32f10x_tim.o(.text)
    TIM_SetCounter                           0x0800174d   Thumb Code     4  stm32f10x_tim.o(.text)
    TIM_SetAutoreload                        0x08001751   Thumb Code     4  stm32f10x_tim.o(.text)
    TIM_SetCompare1                          0x08001755   Thumb Code     4  stm32f10x_tim.o(.text)
    TIM_SetCompare2                          0x08001759   Thumb Code     4  stm32f10x_tim.o(.text)
    TIM_SetCompare3                          0x0800175d   Thumb Code     4  stm32f10x_tim.o(.text)
    TIM_SetCompare4                          0x08001761   Thumb Code     6  stm32f10x_tim.o(.text)
    TIM_SetClockDivision                     0x08001767   Thumb Code    18  stm32f10x_tim.o(.text)
    TIM_GetCapture1                          0x08001779   Thumb Code     6  stm32f10x_tim.o(.text)
    TIM_GetCapture2                          0x0800177f   Thumb Code     6  stm32f10x_tim.o(.text)
    TIM_GetCapture3                          0x08001785   Thumb Code     6  stm32f10x_tim.o(.text)
    TIM_GetCapture4                          0x0800178b   Thumb Code     8  stm32f10x_tim.o(.text)
    TIM_GetCounter                           0x08001793   Thumb Code     6  stm32f10x_tim.o(.text)
    TIM_GetPrescaler                         0x08001799   Thumb Code     6  stm32f10x_tim.o(.text)
    TIM_GetFlagStatus                        0x0800179f   Thumb Code    18  stm32f10x_tim.o(.text)
    TIM_ClearFlag                            0x080017b1   Thumb Code     6  stm32f10x_tim.o(.text)
    TIM_GetITStatus                          0x080017b7   Thumb Code    34  stm32f10x_tim.o(.text)
    TIM_ClearITPendingBit                    0x080017d9   Thumb Code     6  stm32f10x_tim.o(.text)
    USART_DeInit                             0x080017e1   Thumb Code   134  stm32f10x_usart.o(.text)
    USART_Init                               0x08001867   Thumb Code   210  stm32f10x_usart.o(.text)
    USART_StructInit                         0x08001939   Thumb Code    24  stm32f10x_usart.o(.text)
    USART_ClockInit                          0x08001951   Thumb Code    34  stm32f10x_usart.o(.text)
    USART_ClockStructInit                    0x08001973   Thumb Code    12  stm32f10x_usart.o(.text)
    USART_Cmd                                0x0800197f   Thumb Code    24  stm32f10x_usart.o(.text)
    USART_ITConfig                           0x08001997   Thumb Code    74  stm32f10x_usart.o(.text)
    USART_DMACmd                             0x080019e1   Thumb Code    24  stm32f10x_usart.o(.text)
    USART_SetAddress                         0x080019f9   Thumb Code    18  stm32f10x_usart.o(.text)
    USART_WakeUpConfig                       0x08001a0b   Thumb Code    18  stm32f10x_usart.o(.text)
    USART_ReceiverWakeUpCmd                  0x08001a1d   Thumb Code    24  stm32f10x_usart.o(.text)
    USART_LINBreakDetectLengthConfig         0x08001a35   Thumb Code    18  stm32f10x_usart.o(.text)
    USART_LINCmd                             0x08001a47   Thumb Code    24  stm32f10x_usart.o(.text)
    USART_SendData                           0x08001a5f   Thumb Code     8  stm32f10x_usart.o(.text)
    USART_ReceiveData                        0x08001a67   Thumb Code    10  stm32f10x_usart.o(.text)
    USART_SendBreak                          0x08001a71   Thumb Code    10  stm32f10x_usart.o(.text)
    USART_SetGuardTime                       0x08001a7b   Thumb Code    16  stm32f10x_usart.o(.text)
    USART_SetPrescaler                       0x08001a8b   Thumb Code    16  stm32f10x_usart.o(.text)
    USART_SmartCardCmd                       0x08001a9b   Thumb Code    24  stm32f10x_usart.o(.text)
    USART_SmartCardNACKCmd                   0x08001ab3   Thumb Code    24  stm32f10x_usart.o(.text)
    USART_HalfDuplexCmd                      0x08001acb   Thumb Code    24  stm32f10x_usart.o(.text)
    USART_OverSampling8Cmd                   0x08001ae3   Thumb Code    22  stm32f10x_usart.o(.text)
    USART_OneBitMethodCmd                    0x08001af9   Thumb Code    24  stm32f10x_usart.o(.text)
    USART_IrDAConfig                         0x08001b11   Thumb Code    18  stm32f10x_usart.o(.text)
    USART_IrDACmd                            0x08001b23   Thumb Code    24  stm32f10x_usart.o(.text)
    USART_GetFlagStatus                      0x08001b3b   Thumb Code    26  stm32f10x_usart.o(.text)
    USART_ClearFlag                          0x08001b55   Thumb Code    18  stm32f10x_usart.o(.text)
    USART_GetITStatus                        0x08001b67   Thumb Code    84  stm32f10x_usart.o(.text)
    USART_ClearITPendingBit                  0x08001bbb   Thumb Code    50  stm32f10x_usart.o(.text)
    SystemInit                               0x08001cb5   Thumb Code    78  system_stm32f10x.o(.text)
    SystemCoreClockUpdate                    0x08001d03   Thumb Code   142  system_stm32f10x.o(.text)
    delay_us                                 0x08001db5   Thumb Code    26  delay.o(.text)
    delay_ms                                 0x08001dcf   Thumb Code    24  delay.o(.text)
    get_ms                                   0x08001de7   Thumb Code     2  delay.o(.text)
    i2cInit                                  0x08001feb   Thumb Code    42  i2c.o(.text)
    i2cWriteBuffer                           0x08002015   Thumb Code   100  i2c.o(.text)
    i2cwrite                                 0x08002079   Thumb Code    38  i2c.o(.text)
    i2cRead                                  0x0800209f   Thumb Code   120  i2c.o(.text)
    i2cread                                  0x08002117   Thumb Code    38  i2c.o(.text)
    i2cWrite                                 0x0800213d   Thumb Code    72  i2c.o(.text)
    i2cGetErrorCounter                       0x08002185   Thumb Code     4  i2c.o(.text)
    LED_GPIO_Config                          0x08002199   Thumb Code    58  led.o(.text)
    main                                     0x080021dd   Thumb Code   116  main.o(.text)
    MOTOR_GPIO_Config                        0x08002255   Thumb Code    50  motor.o(.text)
    TIM2_PWM_CHANGE                          0x0800233b   Thumb Code    82  motor.o(.text)
    TIM2_PWM_Init                            0x0800238d   Thumb Code    12  motor.o(.text)
    TIM3_IRQHandler                          0x08002399   Thumb Code    22  motor.o(.text)
    TIM4_IRQHandler                          0x080023af   Thumb Code    22  motor.o(.text)
    TIM3_Encoder_Init                        0x080023c5   Thumb Code   210  motor.o(.text)
    TIM4_Encoder_Init                        0x08002497   Thumb Code   210  motor.o(.text)
    TIM3_External_Clock_CountingMode         0x08002569   Thumb Code   162  motor.o(.text)
    TIM4_External_Clock_CountingMode         0x0800260b   Thumb Code   174  motor.o(.text)
    MPU6050_Init                             0x080026bd   Thumb Code   224  mpu6050.o(.text)
    MPU6050_Pose                             0x0800279d   Thumb Code  1342  mpu6050.o(.text)
    NMI_Handler                              0x08002cf9   Thumb Code     2  stm32f10x_it.o(.text)
    HardFault_Handler                        0x08002cfb   Thumb Code     4  stm32f10x_it.o(.text)
    MemManage_Handler                        0x08002cff   Thumb Code     4  stm32f10x_it.o(.text)
    BusFault_Handler                         0x08002d03   Thumb Code     4  stm32f10x_it.o(.text)
    UsageFault_Handler                       0x08002d07   Thumb Code     4  stm32f10x_it.o(.text)
    SVC_Handler                              0x08002d0b   Thumb Code     2  stm32f10x_it.o(.text)
    DebugMon_Handler                         0x08002d0d   Thumb Code     2  stm32f10x_it.o(.text)
    PendSV_Handler                           0x08002d0f   Thumb Code     2  stm32f10x_it.o(.text)
    SysTick_Handler                          0x08002d11   Thumb Code   120  stm32f10x_it.o(.text)
    SysTick_Init                             0x08002da1   Thumb Code   102  systick.o(.text)
    Delay_us                                 0x08002e07   Thumb Code    32  systick.o(.text)
    TimingDelay_Decrement                    0x08002e27   Thumb Code    18  systick.o(.text)
    delay_nms                                0x08002e49   Thumb Code    32  upstandingcar.o(.text)
    CarUpstandInit                           0x08002e69   Thumb Code    92  upstandingcar.o(.text)
    ResetPID                                 0x08002ec5   Thumb Code   176  upstandingcar.o(.text)
    AngleControl                             0x08002f75   Thumb Code   244  upstandingcar.o(.text)
    SetMotorVoltageAndDirection              0x08003069   Thumb Code   312  upstandingcar.o(.text)
    MotorOutput                              0x080031a1   Thumb Code   376  upstandingcar.o(.text)
    GetMotorPulse                            0x08003319   Thumb Code    90  upstandingcar.o(.text)
    SpeedControl                             0x08003373   Thumb Code   368  upstandingcar.o(.text)
    USART3_IRQHandler                        0x080034e3   Thumb Code   148  upstandingcar.o(.text)
    chaoshengbo                              0x08003577   Thumb Code   142  upstandingcar.o(.text)
    CalcUpData                               0x08003605   Thumb Code   890  upstandingcar.o(.text)
    SendAutoUp                               0x0800397f   Thumb Code    52  upstandingcar.o(.text)
    StringFind                               0x080039b3   Thumb Code    74  upstandingcar.o(.text)
    CarStateOut                              0x080039fd   Thumb Code   164  upstandingcar.o(.text)
    ProtocolGetPID                           0x08003aa1   Thumb Code   324  upstandingcar.o(.text)
    ProtocolCpyData                          0x08003be5   Thumb Code   260  upstandingcar.o(.text)
    Protocol                                 0x08003ce9   Thumb Code   640  upstandingcar.o(.text)
    USART1_Config                            0x08003fb9   Thumb Code   114  usart.o(.text)
    NVIC_Configurationusart3                 0x0800402b   Thumb Code    40  usart.o(.text)
    USART3_Config                            0x08004053   Thumb Code   136  usart.o(.text)
    fputc                                    0x080040db   Thumb Code    32  usart.o(.text)
    USART1_printf                            0x0800415d   Thumb Code   262  usart.o(.text)
    USART1_Send_Byte                         0x08004263   Thumb Code    28  usart.o(.text)
    USART3_Send_Byte                         0x0800427f   Thumb Code    28  usart.o(.text)
    UART3_Send_Char                          0x0800429b   Thumb Code    24  usart.o(.text)
    PrintChar                                0x080042b3   Thumb Code    24  usart.o(.text)
    Timerx_Init                              0x080042dd   Thumb Code    92  timer.o(.text)
    TIM1_UP_IRQHandler                       0x08004339   Thumb Code    22  timer.o(.text)
    UltrasonicWave_Configuration             0x08004355   Thumb Code   130  ultrasonicwave.o(.text)
    EXTI1_IRQHandler                         0x080043d7   Thumb Code    96  ultrasonicwave.o(.text)
    UltrasonicWave_StartMeasure              0x08004437   Thumb Code    26  ultrasonicwave.o(.text)
    Reset_Handler                            0x08004461   Thumb Code     8  startup_stm32f10x_md.o(.text)
    ADC1_2_IRQHandler                        0x0800447b   Thumb Code     0  startup_stm32f10x_md.o(.text)
    CAN1_RX1_IRQHandler                      0x0800447b   Thumb Code     0  startup_stm32f10x_md.o(.text)
    CAN1_SCE_IRQHandler                      0x0800447b   Thumb Code     0  startup_stm32f10x_md.o(.text)
    DMA1_Channel1_IRQHandler                 0x0800447b   Thumb Code     0  startup_stm32f10x_md.o(.text)
    DMA1_Channel2_IRQHandler                 0x0800447b   Thumb Code     0  startup_stm32f10x_md.o(.text)
    DMA1_Channel3_IRQHandler                 0x0800447b   Thumb Code     0  startup_stm32f10x_md.o(.text)
    DMA1_Channel4_IRQHandler                 0x0800447b   Thumb Code     0  startup_stm32f10x_md.o(.text)
    DMA1_Channel5_IRQHandler                 0x0800447b   Thumb Code     0  startup_stm32f10x_md.o(.text)
    DMA1_Channel6_IRQHandler                 0x0800447b   Thumb Code     0  startup_stm32f10x_md.o(.text)
    DMA1_Channel7_IRQHandler                 0x0800447b   Thumb Code     0  startup_stm32f10x_md.o(.text)
    EXTI0_IRQHandler                         0x0800447b   Thumb Code     0  startup_stm32f10x_md.o(.text)
    EXTI15_10_IRQHandler                     0x0800447b   Thumb Code     0  startup_stm32f10x_md.o(.text)
    EXTI2_IRQHandler                         0x0800447b   Thumb Code     0  startup_stm32f10x_md.o(.text)
    EXTI3_IRQHandler                         0x0800447b   Thumb Code     0  startup_stm32f10x_md.o(.text)
    EXTI4_IRQHandler                         0x0800447b   Thumb Code     0  startup_stm32f10x_md.o(.text)
    EXTI9_5_IRQHandler                       0x0800447b   Thumb Code     0  startup_stm32f10x_md.o(.text)
    FLASH_IRQHandler                         0x0800447b   Thumb Code     0  startup_stm32f10x_md.o(.text)
    I2C1_ER_IRQHandler                       0x0800447b   Thumb Code     0  startup_stm32f10x_md.o(.text)
    I2C1_EV_IRQHandler                       0x0800447b   Thumb Code     0  startup_stm32f10x_md.o(.text)
    I2C2_ER_IRQHandler                       0x0800447b   Thumb Code     0  startup_stm32f10x_md.o(.text)
    I2C2_EV_IRQHandler                       0x0800447b   Thumb Code     0  startup_stm32f10x_md.o(.text)
    PVD_IRQHandler                           0x0800447b   Thumb Code     0  startup_stm32f10x_md.o(.text)
    RCC_IRQHandler                           0x0800447b   Thumb Code     0  startup_stm32f10x_md.o(.text)
    RTCAlarm_IRQHandler                      0x0800447b   Thumb Code     0  startup_stm32f10x_md.o(.text)
    RTC_IRQHandler                           0x0800447b   Thumb Code     0  startup_stm32f10x_md.o(.text)
    SPI1_IRQHandler                          0x0800447b   Thumb Code     0  startup_stm32f10x_md.o(.text)
    SPI2_IRQHandler                          0x0800447b   Thumb Code     0  startup_stm32f10x_md.o(.text)
    TAMPER_IRQHandler                        0x0800447b   Thumb Code     0  startup_stm32f10x_md.o(.text)
    TIM1_BRK_IRQHandler                      0x0800447b   Thumb Code     0  startup_stm32f10x_md.o(.text)
    TIM1_CC_IRQHandler                       0x0800447b   Thumb Code     0  startup_stm32f10x_md.o(.text)
    TIM1_TRG_COM_IRQHandler                  0x0800447b   Thumb Code     0  startup_stm32f10x_md.o(.text)
    TIM2_IRQHandler                          0x0800447b   Thumb Code     0  startup_stm32f10x_md.o(.text)
    USART1_IRQHandler                        0x0800447b   Thumb Code     0  startup_stm32f10x_md.o(.text)
    USART2_IRQHandler                        0x0800447b   Thumb Code     0  startup_stm32f10x_md.o(.text)
    USBWakeUp_IRQHandler                     0x0800447b   Thumb Code     0  startup_stm32f10x_md.o(.text)
    USB_HP_CAN1_TX_IRQHandler                0x0800447b   Thumb Code     0  startup_stm32f10x_md.o(.text)
    USB_LP_CAN1_RX0_IRQHandler               0x0800447b   Thumb Code     0  startup_stm32f10x_md.o(.text)
    WWDG_IRQHandler                          0x0800447b   Thumb Code     0  startup_stm32f10x_md.o(.text)
    mpu_reg_dump                             0x0800450f   Thumb Code    72  inv_mpu.o(.text)
    mpu_read_reg                             0x08004557   Thumb Code    66  inv_mpu.o(.text)
    mpu_set_int_latched                      0x08004599   Thumb Code   102  inv_mpu.o(.text)
    mpu_set_sensors                          0x080045ff   Thumb Code   202  inv_mpu.o(.text)
    mpu_set_bypass                           0x080046c9   Thumb Code   330  inv_mpu.o(.text)
    mpu_reset_fifo                           0x08004813   Thumb Code   454  inv_mpu.o(.text)
    mpu_configure_fifo                       0x080049d9   Thumb Code   106  inv_mpu.o(.text)
    mpu_set_lpf                              0x08004a43   Thumb Code   126  inv_mpu.o(.text)
    mpu_lp_accel_mode                        0x08004ac1   Thumb Code   218  inv_mpu.o(.text)
    mpu_set_sample_rate                      0x08004b9b   Thumb Code   152  inv_mpu.o(.text)
    mpu_set_accel_fsr                        0x08004c33   Thumb Code   130  inv_mpu.o(.text)
    mpu_set_gyro_fsr                         0x08004cb5   Thumb Code   132  inv_mpu.o(.text)
    mpu_init                                 0x08004d39   Thumb Code   420  inv_mpu.o(.text)
    mpu_get_gyro_reg                         0x08004edd   Thumb Code   110  inv_mpu.o(.text)
    mpu_get_accel_reg                        0x08004f4b   Thumb Code   110  inv_mpu.o(.text)
    mpu_get_temperature                      0x08004fb9   Thumb Code   150  inv_mpu.o(.text)
    mpu_set_accel_bias                       0x0800504f   Thumb Code   468  inv_mpu.o(.text)
    mpu_get_gyro_fsr                         0x08005223   Thumb Code    64  inv_mpu.o(.text)
    mpu_get_accel_fsr                        0x08005263   Thumb Code    72  inv_mpu.o(.text)
    mpu_get_lpf                              0x080052ab   Thumb Code    74  inv_mpu.o(.text)
    mpu_get_sample_rate                      0x080052f5   Thumb Code    26  inv_mpu.o(.text)
    mpu_get_compass_sample_rate              0x0800530f   Thumb Code    10  inv_mpu.o(.text)
    mpu_set_compass_sample_rate              0x08005319   Thumb Code     8  inv_mpu.o(.text)
    mpu_get_gyro_sens                        0x08005321   Thumb Code    58  inv_mpu.o(.text)
    mpu_get_accel_sens                       0x0800535b   Thumb Code    78  inv_mpu.o(.text)
    mpu_get_fifo_config                      0x080053a9   Thumb Code    12  inv_mpu.o(.text)
    mpu_get_power_state                      0x080053b5   Thumb Code    22  inv_mpu.o(.text)
    mpu_get_int_status                       0x080053cb   Thumb Code    64  inv_mpu.o(.text)
    mpu_read_fifo                            0x0800540b   Thumb Code   526  inv_mpu.o(.text)
    mpu_read_fifo_stream                     0x08005619   Thumb Code   186  inv_mpu.o(.text)
    mpu_set_int_level                        0x080056d3   Thumb Code    12  inv_mpu.o(.text)
    mpu_set_dmp_state                        0x08005dd5   Thumb Code   138  inv_mpu.o(.text)
    mpu_run_self_test                        0x08005e5f   Thumb Code   278  inv_mpu.o(.text)
    mpu_write_mem                            0x08005f75   Thumb Code   122  inv_mpu.o(.text)
    mpu_read_mem                             0x08005fef   Thumb Code   122  inv_mpu.o(.text)
    mpu_load_firmware                        0x08006069   Thumb Code   188  inv_mpu.o(.text)
    mpu_get_dmp_state                        0x08006125   Thumb Code    14  inv_mpu.o(.text)
    mpu_get_compass_reg                      0x08006133   Thumb Code     8  inv_mpu.o(.text)
    mpu_get_compass_fsr                      0x0800613b   Thumb Code     8  inv_mpu.o(.text)
    mpu_lp_motion_interrupt                  0x08006143   Thumb Code   512  inv_mpu.o(.text)
    dmp_load_motion_driver_firmware          0x08006349   Thumb Code    20  inv_mpu_dmp_motion_driver.o(.text)
    dmp_set_orientation                      0x0800635d   Thumb Code   290  inv_mpu_dmp_motion_driver.o(.text)
    dmp_set_gyro_bias                        0x0800647f   Thumb Code   310  inv_mpu_dmp_motion_driver.o(.text)
    dmp_set_accel_bias                       0x080065b5   Thumb Code   328  inv_mpu_dmp_motion_driver.o(.text)
    dmp_set_fifo_rate                        0x080066fd   Thumb Code   136  inv_mpu_dmp_motion_driver.o(.text)
    dmp_get_fifo_rate                        0x08006785   Thumb Code    12  inv_mpu_dmp_motion_driver.o(.text)
    dmp_set_tap_thresh                       0x08006791   Thumb Code   396  inv_mpu_dmp_motion_driver.o(.text)
    dmp_set_tap_axes                         0x0800691d   Thumb Code    70  inv_mpu_dmp_motion_driver.o(.text)
    dmp_set_tap_count                        0x08006963   Thumb Code    38  inv_mpu_dmp_motion_driver.o(.text)
    dmp_set_tap_time                         0x08006989   Thumb Code    38  inv_mpu_dmp_motion_driver.o(.text)
    dmp_set_tap_time_multi                   0x080069af   Thumb Code    38  inv_mpu_dmp_motion_driver.o(.text)
    dmp_set_shake_reject_thresh              0x080069d5   Thumb Code    56  inv_mpu_dmp_motion_driver.o(.text)
    dmp_set_shake_reject_time                0x08006a0d   Thumb Code    38  inv_mpu_dmp_motion_driver.o(.text)
    dmp_set_shake_reject_timeout             0x08006a33   Thumb Code    38  inv_mpu_dmp_motion_driver.o(.text)
    dmp_get_pedometer_step_count             0x08006a59   Thumb Code    66  inv_mpu_dmp_motion_driver.o(.text)
    dmp_set_pedometer_step_count             0x08006a9b   Thumb Code    42  inv_mpu_dmp_motion_driver.o(.text)
    dmp_get_pedometer_walk_time              0x08006ac5   Thumb Code    72  inv_mpu_dmp_motion_driver.o(.text)
    dmp_set_pedometer_walk_time              0x08006b0d   Thumb Code    48  inv_mpu_dmp_motion_driver.o(.text)
    dmp_enable_6x_lp_quat                    0x08006b3d   Thumb Code    84  inv_mpu_dmp_motion_driver.o(.text)
    dmp_enable_lp_quat                       0x08006b91   Thumb Code    60  inv_mpu_dmp_motion_driver.o(.text)
    dmp_enable_gyro_cal                      0x08006bcd   Thumb Code    62  inv_mpu_dmp_motion_driver.o(.text)
    dmp_enable_feature                       0x08006c0b   Thumb Code   530  inv_mpu_dmp_motion_driver.o(.text)
    dmp_get_enabled_features                 0x08006e1d   Thumb Code    12  inv_mpu_dmp_motion_driver.o(.text)
    dmp_set_interrupt_mode                   0x08006e87   Thumb Code    66  inv_mpu_dmp_motion_driver.o(.text)
    dmp_read_fifo                            0x08006ec9   Thumb Code   512  inv_mpu_dmp_motion_driver.o(.text)
    dmp_register_tap_cb                      0x080070c9   Thumb Code    10  inv_mpu_dmp_motion_driver.o(.text)
    dmp_register_android_orient_cb           0x080070d3   Thumb Code    10  inv_mpu_dmp_motion_driver.o(.text)
    inv_orientation_matrix_to_scalar         0x0800712b   Thumb Code    40  inv_mpu_dmp_motion_driver.o(.text)
    run_self_test                            0x08007153   Thumb Code   156  inv_mpu_dmp_motion_driver.o(.text)
    __aeabi_ldivmod                          0x0800723d   Thumb Code    90  ldiv.o(.text)
    __aeabi_llsl                             0x08007297   Thumb Code    30  llshl.o(.text)
    _ll_shift_l                              0x08007297   Thumb Code     0  llshl.o(.text)
    __aeabi_lasr                             0x080072b5   Thumb Code    36  llsshr.o(.text)
    _ll_sshift_r                             0x080072b5   Thumb Code     0  llsshr.o(.text)
    __aeabi_memcpy                           0x080072d9   Thumb Code    36  memcpya.o(.text)
    __aeabi_memcpy4                          0x080072d9   Thumb Code     0  memcpya.o(.text)
    __aeabi_memcpy8                          0x080072d9   Thumb Code     0  memcpya.o(.text)
    __aeabi_memset                           0x080072fd   Thumb Code    14  memseta.o(.text)
    __aeabi_memset4                          0x080072fd   Thumb Code     0  memseta.o(.text)
    __aeabi_memset8                          0x080072fd   Thumb Code     0  memseta.o(.text)
    __aeabi_memclr                           0x0800730b   Thumb Code     4  memseta.o(.text)
    __aeabi_memclr4                          0x0800730b   Thumb Code     0  memseta.o(.text)
    __aeabi_memclr8                          0x0800730b   Thumb Code     0  memseta.o(.text)
    _memset$wrapper                          0x0800730f   Thumb Code    20  memseta.o(.text)
    strcat                                   0x08007323   Thumb Code    28  strcat.o(.text)
    strlen                                   0x0800733f   Thumb Code    16  strlen.o(.text)
    memcmp                                   0x0800734f   Thumb Code    26  memcmp.o(.text)
    __aeabi_fadd                             0x08007369   Thumb Code   164  fadd.o(.text)
    __aeabi_fsub                             0x0800740d   Thumb Code     6  fadd.o(.text)
    __aeabi_frsub                            0x08007413   Thumb Code     6  fadd.o(.text)
    __aeabi_fmul                             0x08007419   Thumb Code   108  fmul.o(.text)
    __aeabi_fdiv                             0x08007485   Thumb Code   128  fdiv.o(.text)
    __aeabi_dadd                             0x08007505   Thumb Code   318  dadd.o(.text)
    __aeabi_dsub                             0x08007643   Thumb Code     6  dadd.o(.text)
    __aeabi_drsub                            0x08007649   Thumb Code     6  dadd.o(.text)
    __aeabi_dmul                             0x0800764f   Thumb Code   226  dmul.o(.text)
    __aeabi_ddiv                             0x08007731   Thumb Code   222  ddiv.o(.text)
    __aeabi_i2f                              0x0800780f   Thumb Code    18  fflti.o(.text)
    __aeabi_ui2f                             0x08007821   Thumb Code    10  ffltui.o(.text)
    __aeabi_i2d                              0x0800782b   Thumb Code    34  dflti.o(.text)
    __aeabi_f2iz                             0x0800784d   Thumb Code    50  ffixi.o(.text)
    __aeabi_f2uiz                            0x0800787f   Thumb Code    40  ffixui.o(.text)
    __aeabi_f2d                              0x080078a7   Thumb Code    44  f2d.o(.text)
    __aeabi_cdcmpeq                          0x080078d5   Thumb Code     0  cdcmple.o(.text)
    __aeabi_cdcmple                          0x080078d5   Thumb Code    38  cdcmple.o(.text)
    __aeabi_d2f                              0x080078fd   Thumb Code    56  d2f.o(.text)
    __aeabi_cfcmpeq                          0x08007935   Thumb Code     0  cfcmple.o(.text)
    __aeabi_cfcmple                          0x08007935   Thumb Code    20  cfcmple.o(.text)
    __aeabi_cfrcmple                         0x08007949   Thumb Code    20  cfrcmple.o(.text)
    __aeabi_uidiv                            0x0800795d   Thumb Code     0  uidiv.o(.text)
    __aeabi_uidivmod                         0x0800795d   Thumb Code    44  uidiv.o(.text)
    __aeabi_uldivmod                         0x08007989   Thumb Code   102  uldiv.o(.text)
    __strtod_int                             0x08007a27   Thumb Code    86  strtod.o(.text)
    __I$use$fp                               0x08007a89   Thumb Code     0  iusefp.o(.text)
    _float_round                             0x08007a89   Thumb Code    18  fepilogue.o(.text)
    _float_epilogue                          0x08007a9b   Thumb Code    94  fepilogue.o(.text)
    _double_round                            0x08007af9   Thumb Code    26  depilogue.o(.text)
    _double_epilogue                         0x08007b13   Thumb Code   168  depilogue.o(.text)
    __ARM_scalbn                             0x08007bbb   Thumb Code    46  dscalb.o(.text)
    scalbn                                   0x08007bbb   Thumb Code     0  dscalb.o(.text)
    __aeabi_d2ulz                            0x08007be9   Thumb Code    48  dfixul.o(.text)
    __aeabi_cdrcmple                         0x08007c19   Thumb Code    38  cdrcmple.o(.text)
    __scatterload                            0x08007c41   Thumb Code    28  init.o(.text)
    __scatterload_rt2                        0x08007c41   Thumb Code     0  init.o(.text)
    __aeabi_llsr                             0x08007c65   Thumb Code    32  llushr.o(.text)
    _ll_ushift_r                             0x08007c65   Thumb Code     0  llushr.o(.text)
    isspace                                  0x08007c85   Thumb Code    10  isspace_c.o(.text)
    _scanf_real                              0x08007da1   Thumb Code     0  scanf_fp.o(.text)
    _scanf_really_real                       0x08007da1   Thumb Code   566  scanf_fp.o(.text)
    _sgetc                                   0x08007fe5   Thumb Code    30  _sgetc.o(.text)
    _sbackspace                              0x08008003   Thumb Code    34  _sgetc.o(.text)
    _dsqrt                                   0x08008025   Thumb Code   160  dsqrt.o(.text)
    __ctype_lookup                           0x080080c5   Thumb Code    34  ctype_c.o(.text)
    __aeabi_ul2d                             0x080080ed   Thumb Code    24  dfltul.o(.text)
    __decompress                             0x08008105   Thumb Code     0  __dczerorl2.o(.text)
    __decompress1                            0x08008105   Thumb Code    92  __dczerorl2.o(.text)
    __0sprintf                               0x08008161   Thumb Code    34  printfa.o(i.__0sprintf)
    __1sprintf                               0x08008161   Thumb Code     0  printfa.o(i.__0sprintf)
    __2sprintf                               0x08008161   Thumb Code     0  printfa.o(i.__0sprintf)
    __c89sprintf                             0x08008161   Thumb Code     0  printfa.o(i.__0sprintf)
    sprintf                                  0x08008161   Thumb Code     0  printfa.o(i.__0sprintf)
    __ARM_fpclassify                         0x08008189   Thumb Code    40  fpclassify.o(i.__ARM_fpclassify)
    __kernel_poly                            0x080081b1   Thumb Code   170  poly.o(i.__kernel_poly)
    __mathlib_dbl_underflow                  0x0800825d   Thumb Code    10  dunder.o(i.__mathlib_dbl_underflow)
    __read_errno                             0x0800826d   Thumb Code     6  errno.o(i.__read_errno)
    __scatterload_copy                       0x08008279   Thumb Code    14  handlers.o(i.__scatterload_copy)
    __scatterload_null                       0x08008287   Thumb Code     2  handlers.o(i.__scatterload_null)
    __scatterload_zeroinit                   0x08008289   Thumb Code    14  handlers.o(i.__scatterload_zeroinit)
    __set_errno                              0x08008299   Thumb Code     6  errno.o(i.__set_errno)
    asin                                     0x08008b2d   Thumb Code   586  asin.o(i.asin)
    atan                                     0x08008dad   Thumb Code   480  atan.o(i.atan)
    atan2                                    0x08008fd1   Thumb Code   346  atan2.o(i.atan2)
    atof                                     0x08009151   Thumb Code    44  atof.o(i.atof)
    sqrt                                     0x0800917d   Thumb Code    74  sqrt.o(i.sqrt)
    PID_Original                             0x080091c8   Data          32  upstandingcar.o(.constdata)
    hw                                       0x080091e8   Data          12  inv_mpu.o(.constdata)
    reg                                      0x080091f4   Data          27  inv_mpu.o(.constdata)
    test                                     0x08009210   Data          40  inv_mpu.o(.constdata)
    __mathlib_zero                           0x08009f68   Data           8  qnan.o(.constdata)
    __ctype_categories                       0x08009f70   Data          64  ctype_c.o(.constdata)
    Region$$Table$$Base                      0x08009fb0   Number         0  anon$$obj.o(Region$$Table)
    Region$$Table$$Limit                     0x08009fd0   Number         0  anon$$obj.o(Region$$Table)
    SystemCoreClock                          0x20000014   Data           4  system_stm32f10x.o(.data)
    AHBPrescTable                            0x20000018   Data          16  system_stm32f10x.o(.data)
    q0                                       0x20000034   Data           4  mpu6050.o(.data)
    q1                                       0x20000038   Data           4  mpu6050.o(.data)
    q2                                       0x2000003c   Data           4  mpu6050.o(.data)
    q3                                       0x20000040   Data           4  mpu6050.o(.data)
    Pitch                                    0x20000044   Data           4  mpu6050.o(.data)
    Roll                                     0x20000048   Data           4  mpu6050.o(.data)
    Yaw                                      0x2000004c   Data           4  mpu6050.o(.data)
    sensor_timestamp                         0x20000050   Data           4  mpu6050.o(.data)
    gyro                                     0x20000054   Data           6  mpu6050.o(.data)
    accel                                    0x2000005a   Data           6  mpu6050.o(.data)
    sensors                                  0x20000060   Data           2  mpu6050.o(.data)
    more                                     0x20000062   Data           1  mpu6050.o(.data)
    newLineReceived                          0x20000068   Data           1  upstandingcar.o(.data)
    g_newcarstate                            0x2000006c   Data           4  upstandingcar.o(.data)
    returntemp                               0x20000070   Data          33  upstandingcar.o(.data)
    piddisplay                               0x20000091   Data          50  upstandingcar.o(.data)
    volt                                     0x200000c4   Data           4  upstandingcar.o(.data)
    BST_fCarAngle_P                          0x200000c8   Data           4  upstandingcar.o(.data)
    BST_fCarAngle_D                          0x200000cc   Data           4  upstandingcar.o(.data)
    BST_fCarSpeed_P                          0x200000d0   Data           4  upstandingcar.o(.data)
    BST_fCarSpeed_I                          0x200000d4   Data           4  upstandingcar.o(.data)
    leftstop                                 0x200000d8   Data           4  upstandingcar.o(.data)
    rightstop                                0x200000dc   Data           4  upstandingcar.o(.data)
    stopflag                                 0x200000e0   Data           4  upstandingcar.o(.data)
    fchaoshengbo                             0x200000e4   Data           4  upstandingcar.o(.data)
    juli                                     0x200000e8   Data           4  upstandingcar.o(.data)
    chaoflag                                 0x200000ec   Data           4  upstandingcar.o(.data)
    g_autoup                                 0x200000f0   Data           4  upstandingcar.o(.data)
    g_uptimes                                0x200000f4   Data           4  upstandingcar.o(.data)
    dac                                      0x200000f8   Data           4  upstandingcar.o(.data)
    dgy                                      0x200000fc   Data           4  upstandingcar.o(.data)
    driectionxco                             0x20000100   Data           4  upstandingcar.o(.data)
    Q_angle                                  0x20000104   Data           4  upstandingcar.o(.data)
    Q_gyro                                   0x20000108   Data           4  upstandingcar.o(.data)
    R_angle                                  0x2000010c   Data           4  upstandingcar.o(.data)
    dt                                       0x20000110   Data           4  upstandingcar.o(.data)
    C_0                                      0x20000114   Data           1  upstandingcar.o(.data)
    PCt_0                                    0x20000118   Data           4  upstandingcar.o(.data)
    PCt_1                                    0x2000011c   Data           4  upstandingcar.o(.data)
    E                                        0x20000120   Data           4  upstandingcar.o(.data)
    K_0                                      0x20000124   Data           4  upstandingcar.o(.data)
    K_1                                      0x20000128   Data           4  upstandingcar.o(.data)
    t_0                                      0x2000012c   Data           4  upstandingcar.o(.data)
    t_1                                      0x20000130   Data           4  upstandingcar.o(.data)
    PP                                       0x20000134   Data          16  upstandingcar.o(.data)
    num                                      0x20000144   Data           4  upstandingcar.o(.data)
    startBit                                 0x20000148   Data           1  upstandingcar.o(.data)
    int9num                                  0x2000014c   Data           4  upstandingcar.o(.data)
    enCarState                               0x20000150   Data           1  upstandingcar.o(.data)
    BST_u8MainEventCount                     0x20000151   Data           1  upstandingcar.o(.data)
    BST_u8SpeedControlCount                  0x20000152   Data           1  upstandingcar.o(.data)
    BST_u8SpeedControlPeriod                 0x20000153   Data           1  upstandingcar.o(.data)
    BST_u8DirectionControlPeriod             0x20000154   Data           1  upstandingcar.o(.data)
    BST_u8DirectionControlCount              0x20000155   Data           1  upstandingcar.o(.data)
    BST_u8trig                               0x20000156   Data           1  upstandingcar.o(.data)
    ucBluetoothValue                         0x20000157   Data           1  upstandingcar.o(.data)
    BST_fSpeedControlOut                     0x20000158   Data           4  upstandingcar.o(.data)
    BST_fSpeedControlOutOld                  0x2000015c   Data           4  upstandingcar.o(.data)
    BST_fSpeedControlOutNew                  0x20000160   Data           4  upstandingcar.o(.data)
    BST_fAngleControlOut                     0x20000164   Data           4  upstandingcar.o(.data)
    BST_fLeftMotorOut                        0x20000168   Data           4  upstandingcar.o(.data)
    BST_fRightMotorOut                       0x2000016c   Data           4  upstandingcar.o(.data)
    BST_fCarAngle                            0x20000170   Data           4  upstandingcar.o(.data)
    gyro_z                                   0x20000174   Data           4  upstandingcar.o(.data)
    gyrx                                     0x20000178   Data           4  upstandingcar.o(.data)
    gy0                                      0x2000017c   Data           4  upstandingcar.o(.data)
    iap                                      0x20000180   Data           4  upstandingcar.o(.data)
    BST_s16LeftMotorPulse                    0x20000184   Data           2  upstandingcar.o(.data)
    BST_s16RightMotorPulse                   0x20000186   Data           2  upstandingcar.o(.data)
    BST_s32LeftMotorPulseOld                 0x20000188   Data           4  upstandingcar.o(.data)
    BST_s32RightMotorPulseOld                0x2000018c   Data           4  upstandingcar.o(.data)
    BST_s32LeftMotorPulseSigma               0x20000190   Data           4  upstandingcar.o(.data)
    BST_s32RightMotorPulseSigma              0x20000194   Data           4  upstandingcar.o(.data)
    BST_fCarSpeed                            0x20000198   Data           4  upstandingcar.o(.data)
    BST_fCarSpeedOld                         0x2000019c   Data           4  upstandingcar.o(.data)
    BST_fCarPosition                         0x200001a0   Data           4  upstandingcar.o(.data)
    BST_fBluetoothSpeed                      0x200001a4   Data           4  upstandingcar.o(.data)
    BST_fBluetoothDirectionNew               0x200001a8   Data           4  upstandingcar.o(.data)
    BST_fBluetoothDirectionSL                0x200001ac   Data           4  upstandingcar.o(.data)
    BST_fBluetoothDirectionSR                0x200001b0   Data           4  upstandingcar.o(.data)
    x                                        0x200001b4   Data           4  upstandingcar.o(.data)
    y1                                       0x200001b8   Data           4  upstandingcar.o(.data)
    z1                                       0x200001bc   Data           4  upstandingcar.o(.data)
    y2                                       0x200001c0   Data           4  upstandingcar.o(.data)
    z2                                       0x200001c4   Data           4  upstandingcar.o(.data)
    flagbt                                   0x200001c8   Data           4  upstandingcar.o(.data)
    kp                                       0x200001cc   Data           1  upstandingcar.o(.data)
    kd                                       0x200001cd   Data           1  upstandingcar.o(.data)
    ksp                                      0x200001ce   Data           1  upstandingcar.o(.data)
    ksi                                      0x200001cf   Data           1  upstandingcar.o(.data)
    BST_fBluetoothDirectionL                 0x200001d0   Data           4  upstandingcar.o(.data)
    BST_fBluetoothDirectionR                 0x200001d4   Data           4  upstandingcar.o(.data)
    Q_bias                                   0x200001d8   Data           4  upstandingcar.o(.data)
    Angle_err                                0x200001dc   Data           4  upstandingcar.o(.data)
    count                                    0x200001e0   Data           4  ultrasonicwave.o(.data)
    quat                                     0x20000214   Data          16  mpu6050.o(.bss)
    inputString                              0x20000224   Data          80  upstandingcar.o(.bss)
    ProtocolString                           0x20000274   Data          80  upstandingcar.o(.bss)
    manydisplay                              0x200002c4   Data          80  upstandingcar.o(.bss)
    updata                                   0x20000314   Data          80  upstandingcar.o(.bss)
    Pdot                                     0x20000364   Data          16  upstandingcar.o(.bss)
    alldata                                  0x20000374   Data          80  upstandingcar.o(.bss)
    charkp                                   0x200003c4   Data          10  upstandingcar.o(.bss)
    charkd                                   0x200003ce   Data          10  upstandingcar.o(.bss)
    charksp                                  0x200003d8   Data          10  upstandingcar.o(.bss)
    charksi                                  0x200003e2   Data          10  upstandingcar.o(.bss)
    lspeed                                   0x200003ec   Data          10  upstandingcar.o(.bss)
    rspeed                                   0x200003f6   Data          10  upstandingcar.o(.bss)
    daccel                                   0x20000400   Data          10  upstandingcar.o(.bss)
    dgyro                                    0x2000040a   Data          10  upstandingcar.o(.bss)
    csb                                      0x20000414   Data          10  upstandingcar.o(.bss)
    vi                                       0x2000041e   Data          10  upstandingcar.o(.bss)
    __initial_sp                             0x20000838   Data           0  startup_stm32f10x_md.o(STACK)



==============================================================================

Memory Map of the image

  Image Entry point : 0x080000ed

  Load Region LR_IROM1 (Base: 0x08000000, Size: 0x0000a1e4, Max: 0x00010000, ABSOLUTE, COMPRESSED[0x0000a048])

    Execution Region ER_IROM1 (Base: 0x08000000, Size: 0x00009fd0, Max: 0x00010000, ABSOLUTE)

    Base Addr    Size         Type   Attr      Idx    E Section Name        Object

    0x08000000   0x000000ec   Data   RO          727    RESET               startup_stm32f10x_md.o
    0x080000ec   0x00000000   Code   RO          817  * .ARM.Collect$$$$00000000  mc_w.l(entry.o)(mc_w.l)
    0x080000ec   0x00000004   Code   RO         1156    .ARM.Collect$$$$00000001  mc_w.l(entry2.o)(mc_w.l)
    0x080000f0   0x00000004   Code   RO         1159    .ARM.Collect$$$$00000004  mc_w.l(entry5.o)(mc_w.l)
    0x080000f4   0x00000008   Code   RO         1160    .ARM.Collect$$$$00000007  mc_w.l(entry7.o)(mc_w.l)
    0x080000fc   0x00000004   Code   RO         1157    .ARM.Collect$$$$00002712  mc_w.l(entry2.o)(mc_w.l)
    0x08000100   0x000000f8   Code   RO            1    .text               misc.o
    0x080001f8   0x0000013c   Code   RO           65    .text               stm32f10x_exti.o
    0x08000334   0x00000358   Code   RO           80    .text               stm32f10x_gpio.o
    0x0800068c   0x000003a4   Code   RO          104    .text               stm32f10x_rcc.o
    0x08000a30   0x00000dae   Code   RO          118    .text               stm32f10x_tim.o
    0x080017de   0x00000002   PAD
    0x080017e0   0x0000040c   Code   RO          130    .text               stm32f10x_usart.o
    0x08001bec   0x000001c8   Code   RO          378    .text               system_stm32f10x.o
    0x08001db4   0x00000034   Code   RO          406    .text               delay.o
    0x08001de8   0x000003b0   Code   RO          421    .text               i2c.o
    0x08002198   0x00000044   Code   RO          451    .text               led.o
    0x080021dc   0x00000078   Code   RO          466    .text               main.o
    0x08002254   0x00000468   Code   RO          519    .text               motor.o
    0x080026bc   0x0000063c   Code   RO          537    .text               mpu6050.o
    0x08002cf8   0x000000a8   Code   RO          593    .text               stm32f10x_it.o
    0x08002da0   0x000000a8   Code   RO          612    .text               systick.o
    0x08002e48   0x00001170   Code   RO          630    .text               upstandingcar.o
    0x08003fb8   0x00000324   Code   RO          669    .text               usart.o
    0x080042dc   0x00000078   Code   RO          694    .text               timer.o
    0x08004354   0x0000010c   Code   RO          706    .text               ultrasonicwave.o
    0x08004460   0x00000024   Code   RO          728    .text               startup_stm32f10x_md.o
    0x08004484   0x00001ec4   Code   RO          732    .text               inv_mpu.o
    0x08006348   0x00000ef4   Code   RO          771    .text               inv_mpu_dmp_motion_driver.o
    0x0800723c   0x0000005a   Code   RO          820    .text               mc_w.l(ldiv.o)(mc_w.l)
    0x08007296   0x0000001e   Code   RO          822    .text               mc_w.l(llshl.o)(mc_w.l)
    0x080072b4   0x00000024   Code   RO          824    .text               mc_w.l(llsshr.o)(mc_w.l)
    0x080072d8   0x00000024   Code   RO          826    .text               mc_w.l(memcpya.o)(mc_w.l)
    0x080072fc   0x00000026   Code   RO          828    .text               mc_w.l(memseta.o)(mc_w.l)
    0x08007322   0x0000001c   Code   RO          830    .text               mc_w.l(strcat.o)(mc_w.l)
    0x0800733e   0x00000010   Code   RO          832    .text               mc_w.l(strlen.o)(mc_w.l)
    0x0800734e   0x0000001a   Code   RO          834    .text               mc_w.l(memcmp.o)(mc_w.l)
    0x08007368   0x000000b0   Code   RO         1099    .text               mf_w.l(fadd.o)(mf_w.l)
    0x08007418   0x0000006c   Code   RO         1101    .text               mf_w.l(fmul.o)(mf_w.l)
    0x08007484   0x00000080   Code   RO         1103    .text               mf_w.l(fdiv.o)(mf_w.l)
    0x08007504   0x0000014a   Code   RO         1105    .text               mf_w.l(dadd.o)(mf_w.l)
    0x0800764e   0x000000e2   Code   RO         1107    .text               mf_w.l(dmul.o)(mf_w.l)
    0x08007730   0x000000de   Code   RO         1109    .text               mf_w.l(ddiv.o)(mf_w.l)
    0x0800780e   0x00000012   Code   RO         1111    .text               mf_w.l(fflti.o)(mf_w.l)
    0x08007820   0x0000000a   Code   RO         1113    .text               mf_w.l(ffltui.o)(mf_w.l)
    0x0800782a   0x00000022   Code   RO         1115    .text               mf_w.l(dflti.o)(mf_w.l)
    0x0800784c   0x00000032   Code   RO         1117    .text               mf_w.l(ffixi.o)(mf_w.l)
    0x0800787e   0x00000028   Code   RO         1119    .text               mf_w.l(ffixui.o)(mf_w.l)
    0x080078a6   0x0000002c   Code   RO         1121    .text               mf_w.l(f2d.o)(mf_w.l)
    0x080078d2   0x00000002   PAD
    0x080078d4   0x00000028   Code   RO         1123    .text               mf_w.l(cdcmple.o)(mf_w.l)
    0x080078fc   0x00000038   Code   RO         1125    .text               mf_w.l(d2f.o)(mf_w.l)
    0x08007934   0x00000014   Code   RO         1127    .text               mf_w.l(cfcmple.o)(mf_w.l)
    0x08007948   0x00000014   Code   RO         1129    .text               mf_w.l(cfrcmple.o)(mf_w.l)
    0x0800795c   0x0000002c   Code   RO         1162    .text               mc_w.l(uidiv.o)(mc_w.l)
    0x08007988   0x00000066   Code   RO         1164    .text               mc_w.l(uldiv.o)(mc_w.l)
    0x080079ee   0x00000002   PAD
    0x080079f0   0x00000098   Code   RO         1173    .text               mc_w.l(strtod.o)(mc_w.l)
    0x08007a88   0x00000000   Code   RO         1175    .text               mc_w.l(iusefp.o)(mc_w.l)
    0x08007a88   0x00000070   Code   RO         1176    .text               mf_w.l(fepilogue.o)(mf_w.l)
    0x08007af8   0x000000c2   Code   RO         1178    .text               mf_w.l(depilogue.o)(mf_w.l)
    0x08007bba   0x0000002e   Code   RO         1180    .text               mf_w.l(dscalb.o)(mf_w.l)
    0x08007be8   0x00000030   Code   RO         1182    .text               mf_w.l(dfixul.o)(mf_w.l)
    0x08007c18   0x00000028   Code   RO         1184    .text               mf_w.l(cdrcmple.o)(mf_w.l)
    0x08007c40   0x00000024   Code   RO         1186    .text               mc_w.l(init.o)(mc_w.l)
    0x08007c64   0x00000020   Code   RO         1188    .text               mc_w.l(llushr.o)(mc_w.l)
    0x08007c84   0x0000000a   Code   RO         1190    .text               mc_w.l(isspace_c.o)(mc_w.l)
    0x08007c8e   0x00000002   PAD
    0x08007c90   0x00000354   Code   RO         1192    .text               mc_w.l(scanf_fp.o)(mc_w.l)
    0x08007fe4   0x00000040   Code   RO         1194    .text               mc_w.l(_sgetc.o)(mc_w.l)
    0x08008024   0x000000a0   Code   RO         1196    .text               mf_w.l(dsqrt.o)(mf_w.l)
    0x080080c4   0x00000028   Code   RO         1198    .text               mc_w.l(ctype_c.o)(mc_w.l)
    0x080080ec   0x00000018   Code   RO         1201    .text               mf_w.l(dfltul.o)(mf_w.l)
    0x08008104   0x0000005c   Code   RO         1211    .text               mc_w.l(__dczerorl2.o)(mc_w.l)
    0x08008160   0x00000028   Code   RO         1073    i.__0sprintf        mc_w.l(printfa.o)(mc_w.l)
    0x08008188   0x00000028   Code   RO         1143    i.__ARM_fpclassify  m_ws.l(fpclassify.o)(m_ws.l)
    0x080081b0   0x000000aa   Code   RO         1145    i.__kernel_poly     m_ws.l(poly.o)(m_ws.l)
    0x0800825a   0x00000002   PAD
    0x0800825c   0x00000010   Code   RO         1141    i.__mathlib_dbl_underflow  m_ws.l(dunder.o)(m_ws.l)
    0x0800826c   0x0000000c   Code   RO         1167    i.__read_errno      mc_w.l(errno.o)(mc_w.l)
    0x08008278   0x0000000e   Code   RO         1205    i.__scatterload_copy  mc_w.l(handlers.o)(mc_w.l)
    0x08008286   0x00000002   Code   RO         1206    i.__scatterload_null  mc_w.l(handlers.o)(mc_w.l)
    0x08008288   0x0000000e   Code   RO         1207    i.__scatterload_zeroinit  mc_w.l(handlers.o)(mc_w.l)
    0x08008296   0x00000002   PAD
    0x08008298   0x0000000c   Code   RO         1168    i.__set_errno       mc_w.l(errno.o)(mc_w.l)
    0x080082a4   0x00000154   Code   RO         1078    i._fp_digits        mc_w.l(printfa.o)(mc_w.l)
    0x080083f8   0x000006d4   Code   RO         1079    i._printf_core      mc_w.l(printfa.o)(mc_w.l)
    0x08008acc   0x00000026   Code   RO         1080    i._printf_post_padding  mc_w.l(printfa.o)(mc_w.l)
    0x08008af2   0x0000002e   Code   RO         1081    i._printf_pre_padding  mc_w.l(printfa.o)(mc_w.l)
    0x08008b20   0x0000000a   Code   RO         1083    i._sputc            mc_w.l(printfa.o)(mc_w.l)
    0x08008b2a   0x00000002   PAD
    0x08008b2c   0x00000280   Code   RO          796    i.asin              m_ws.l(asin.o)(m_ws.l)
    0x08008dac   0x00000224   Code   RO         1132    i.atan              m_ws.l(atan.o)(m_ws.l)
    0x08008fd0   0x00000180   Code   RO          806    i.atan2             m_ws.l(atan2.o)(m_ws.l)
    0x08009150   0x0000002c   Code   RO          814    i.atof              m_ws.l(atof.o)(m_ws.l)
    0x0800917c   0x0000004a   Code   RO         1149    i.sqrt              m_ws.l(sqrt.o)(m_ws.l)
    0x080091c6   0x00000002   PAD
    0x080091c8   0x00000020   Data   RO          632    .constdata          upstandingcar.o
    0x080091e8   0x0000009e   Data   RO          733    .constdata          inv_mpu.o
    0x08009286   0x00000bf6   Data   RO          773    .constdata          inv_mpu_dmp_motion_driver.o
    0x08009e7c   0x00000004   PAD
    0x08009e80   0x00000050   Data   RO          797    .constdata          m_ws.l(asin.o)(m_ws.l)
    0x08009ed0   0x00000098   Data   RO         1133    .constdata          m_ws.l(atan.o)(m_ws.l)
    0x08009f68   0x00000008   Data   RO         1147    .constdata          m_ws.l(qnan.o)(m_ws.l)
    0x08009f70   0x00000040   Data   RO         1199    .constdata          mc_w.l(ctype_c.o)(mc_w.l)
    0x08009fb0   0x00000020   Data   RO         1203    Region$$Table       anon$$obj.o


    Execution Region RW_IRAM1 (Base: 0x20000000, Size: 0x00000838, Max: 0x00005000, ABSOLUTE, COMPRESSED[0x00000078])

    Base Addr    Size         Type   Attr      Idx    E Section Name        Object

    0x20000000   0x00000014   Data   RW          105    .data               stm32f10x_rcc.o
    0x20000014   0x00000014   Data   RW          379    .data               system_stm32f10x.o
    0x20000028   0x0000003b   Data   RW          539    .data               mpu6050.o
    0x20000063   0x00000001   PAD
    0x20000064   0x00000004   Data   RW          613    .data               systick.o
    0x20000068   0x00000178   Data   RW          633    .data               upstandingcar.o
    0x200001e0   0x00000004   Data   RW          707    .data               ultrasonicwave.o
    0x200001e4   0x0000002c   Data   RW          734    .data               inv_mpu.o
    0x20000210   0x00000004   Data   RW         1169    .data               mc_w.l(errno.o)(mc_w.l)
    0x20000214   0x00000010   Zero   RW          538    .bss                mpu6050.o
    0x20000224   0x00000204   Zero   RW          631    .bss                upstandingcar.o
    0x20000428   0x00000010   Zero   RW          772    .bss                inv_mpu_dmp_motion_driver.o
    0x20000438   0x00000400   Zero   RW          725    STACK               startup_stm32f10x_md.o


==============================================================================

Image component sizes


      Code (inc. data)   RO Data    RW Data    ZI Data      Debug   Object Name

         0          0          0          0          0          0   core_cm3.o
        52          0          0          0          0          0   delay.o
       944         16          0          0          0          0   i2c.o
      7876        166        158         44          0          0   inv_mpu.o
      3828        198       3062          0         16          0   inv_mpu_dmp_motion_driver.o
        68         10          0          0          0          0   led.o
       120          4          0          0          0          0   main.o
       248         30          0          0          0          0   misc.o
      1128         22          0          0          0          0   motor.o
      1596        804          0         59         16          0   mpu6050.o
        36          8        236          0       1024          0   startup_stm32f10x_md.o
       316         28          0          0          0          0   stm32f10x_exti.o
       856         40          0          0          0          0   stm32f10x_gpio.o
       168         24          0          0          0          0   stm32f10x_it.o
       932         52          0         20          0          0   stm32f10x_rcc.o
      3502         86          0          0          0          0   stm32f10x_tim.o
      1036         20          0          0          0          0   stm32f10x_usart.o
       456         36          0         20          0          0   system_stm32f10x.o
       168         16          0          4          0          0   systick.o
       120          6          0          0          0          0   timer.o
       268         16          0          4          0          0   ultrasonicwave.o
      4464        790         32        376        516          0   upstandingcar.o
       804         18          0          0          0          0   usart.o

    ----------------------------------------------------------------------
     28988       2390       3524        528       1572          0   Object Totals
         0          0         32          0          0          0   (incl. Generated)
         2          0          4          1          0          0   (incl. Padding)

    ----------------------------------------------------------------------

      Code (inc. data)   RO Data    RW Data    ZI Data      Debug   Library Member Name

       640         54         80          0          0          0   asin.o
       548         68        152          0          0          0   atan.o
       384         38          0          0          0          0   atan2.o
        44          0          0          0          0          0   atof.o
        16          6          0          0          0          0   dunder.o
        40          0          0          0          0          0   fpclassify.o
       170          0          0          0          0          0   poly.o
         0          0          8          0          0          0   qnan.o
        74          0          0          0          0          0   sqrt.o
        92          0          0          0          0          0   __dczerorl2.o
        64          0          0          0          0          0   _sgetc.o
        40          6         64          0          0          0   ctype_c.o
         0          0          0          0          0          0   entry.o
         8          4          0          0          0          0   entry2.o
         4          0          0          0          0          0   entry5.o
         8          4          0          0          0          0   entry7.o
        24         12          0          4          0          0   errno.o
        30          0          0          0          0          0   handlers.o
        36          8          0          0          0          0   init.o
        10          0          0          0          0          0   isspace_c.o
         0          0          0          0          0          0   iusefp.o
        90          0          0          0          0          0   ldiv.o
        30          0          0          0          0          0   llshl.o
        36          0          0          0          0          0   llsshr.o
        32          0          0          0          0          0   llushr.o
        26          0          0          0          0          0   memcmp.o
        36          0          0          0          0          0   memcpya.o
        38          0          0          0          0          0   memseta.o
      2222         88          0          0          0          0   printfa.o
       852         14          0          0          0          0   scanf_fp.o
        28          0          0          0          0          0   strcat.o
        16          0          0          0          0          0   strlen.o
       152         12          0          0          0          0   strtod.o
        44          0          0          0          0          0   uidiv.o
       102          0          0          0          0          0   uldiv.o
        40          2          0          0          0          0   cdcmple.o
        40          2          0          0          0          0   cdrcmple.o
        20          0          0          0          0          0   cfcmple.o
        20          0          0          0          0          0   cfrcmple.o
        56          0          0          0          0          0   d2f.o
       330          0          0          0          0          0   dadd.o
       222          0          0          0          0          0   ddiv.o
       194          0          0          0          0          0   depilogue.o
        48          0          0          0          0          0   dfixul.o
        34          0          0          0          0          0   dflti.o
        24          0          0          0          0          0   dfltul.o
       226          0          0          0          0          0   dmul.o
        46          0          0          0          0          0   dscalb.o
       160          0          0          0          0          0   dsqrt.o
        44          0          0          0          0          0   f2d.o
       176          0          0          0          0          0   fadd.o
       128          0          0          0          0          0   fdiv.o
       112          0          0          0          0          0   fepilogue.o
        50          0          0          0          0          0   ffixi.o
        40          0          0          0          0          0   ffixui.o
        18          0          0          0          0          0   fflti.o
        10          0          0          0          0          0   ffltui.o
       108          0          0          0          0          0   fmul.o

    ----------------------------------------------------------------------
      8096        318        304          4          0          0   Library Totals
        14          0          0          0          0          0   (incl. Padding)

    ----------------------------------------------------------------------

      Code (inc. data)   RO Data    RW Data    ZI Data      Debug   Library Name

      1916        166        240          0          0        848   m_ws.l
      4020        148         64          4          0       2072   mc_w.l
      2146          4          0          0          0       2100   mf_w.l

    ----------------------------------------------------------------------
      8096        318        304          4          0          0   Library Totals

    ----------------------------------------------------------------------

==============================================================================


      Code (inc. data)   RO Data    RW Data    ZI Data      Debug   

     37084       2708       3828        532       1572     387660   Grand Totals
     37084       2708       3828        120       1572     387660   ELF Image Totals (compressed)
     37084       2708       3828        120          0          0   ROM Totals

==============================================================================

    Total RO  Size (Code + RO Data)                40912 (  39.95kB)
    Total RW  Size (RW Data + ZI Data)              2104 (   2.05kB)
    Total ROM Size (Code + RO Data + RW Data)      41032 (  40.07kB)

==============================================================================

